de.metas.rest_api.bpartner.JsonBPartnerUpsertRequestItemTest.serializeDeserialize=[
  {
    "externalId": "12345",
    "bpartnerComposite": {
      "bpartner": {
        "metasfreshId": 123,
        "code": "code"
      }
    }
  }
]