de.metas.contracts.commission.commissioninstance.services.repos.CommissionInstanceRepositoryTest.getForCommissionInstanceId=[ {
  "id" : 100001,
  "currentTriggerData" : {
    "invoiceCandidateId" : 10,
    "timestamp" : "2019-09-17T11:50:45Z",
    "forecastedPoints" : 10,
    "invoiceablePoints" : 11,
    "invoicedPoints" : 12
  },
  "config" : {
    "@type" : "HierarchyConfig",
    "commissionType" : "HIERARCHY_COMMISSION",
    "subtractLowerLevelCommissionFromBase" : true
  },
  "shares" : [ {
    "contract" : {
      "@type" : "HierarchyContract",
      "config" : {
        "@type" : "HierarchyConfig",
        "commissionType" : "HIERARCHY_COMMISSION",
        "subtractLowerLevelCommissionFromBase" : true
      },
      "commissionPercent" : 10,
      "pointsPrecision" : 2
    },
    "level" : 10,
    "beneficiary" : {
      "bPartnerId" : 20
    },
    "facts" : [ {
      "timestamp" : "2019-09-17T11:50:55Z",
      "state" : "FORECASTED",
      "points" : 10
    }, {
      "timestamp" : "2019-09-17T11:51:05Z",
      "state" : "FORECASTED",
      "points" : -9
    }, {
      "timestamp" : "2019-09-17T11:51:15Z",
      "state" : "INVOICEABLE",
      "points" : 1.1
    }, {
      "timestamp" : "2019-09-17T11:51:25Z",
      "state" : "INVOICED",
      "points" : 1.2
    } ],
    "forecastedPointsSum" : 1,
    "invoiceablePointsSum" : 1.1,
    "invoicedPointsSum" : 1.2
  }, {
    "contract" : {
      "@type" : "HierarchyContract",
      "config" : {
        "@type" : "HierarchyConfig",
        "commissionType" : "HIERARCHY_COMMISSION",
        "subtractLowerLevelCommissionFromBase" : true
      },
      "commissionPercent" : 10,
      "pointsPrecision" : 2
    },
    "level" : 20,
    "beneficiary" : {
      "bPartnerId" : 21
    },
    "facts" : [ {
      "timestamp" : "2019-09-17T11:51:35Z",
      "state" : "FORECASTED",
      "points" : 2
    }, {
      "timestamp" : "2019-09-17T11:51:45Z",
      "state" : "INVOICEABLE",
      "points" : 2.1
    }, {
      "timestamp" : "2019-09-17T11:51:55Z",
      "state" : "INVOICED",
      "points" : 10
    }, {
      "timestamp" : "2019-09-17T11:52:05Z",
      "state" : "INVOICED",
      "points" : -7.8
    } ],
    "forecastedPointsSum" : 2,
    "invoiceablePointsSum" : 2.1,
    "invoicedPointsSum" : 2.2
  } ]
} ]


de.metas.contracts.commission.commissioninstance.services.repos.CommissionInstanceRepositoryTest.getForInvoiceCandidateId=[ {
  "id" : 100001,
  "currentTriggerData" : {
    "invoiceCandidateId" : 10,
    "timestamp" : "2019-09-17T11:49:15Z",
    "forecastedPoints" : 10,
    "invoiceablePoints" : 11,
    "invoicedPoints" : 12
  },
  "config" : {
    "@type" : "HierarchyConfig",
    "commissionType" : "HIERARCHY_COMMISSION",
    "subtractLowerLevelCommissionFromBase" : true
  },
  "shares" : [ {
    "contract" : {
      "@type" : "HierarchyContract",
      "config" : {
        "@type" : "HierarchyConfig",
        "commissionType" : "HIERARCHY_COMMISSION",
        "subtractLowerLevelCommissionFromBase" : true
      },
      "commissionPercent" : 10,
      "pointsPrecision" : 2
    },
    "level" : 10,
    "beneficiary" : {
      "bPartnerId" : 20
    },
    "facts" : [ {
      "timestamp" : "2019-09-17T11:49:25Z",
      "state" : "FORECASTED",
      "points" : 10
    }, {
      "timestamp" : "2019-09-17T11:49:35Z",
      "state" : "FORECASTED",
      "points" : -9
    }, {
      "timestamp" : "2019-09-17T11:49:45Z",
      "state" : "INVOICEABLE",
      "points" : 1.1
    }, {
      "timestamp" : "2019-09-17T11:49:55Z",
      "state" : "INVOICED",
      "points" : 1.2
    } ],
    "forecastedPointsSum" : 1,
    "invoiceablePointsSum" : 1.1,
    "invoicedPointsSum" : 1.2
  }, {
    "contract" : {
      "@type" : "HierarchyContract",
      "config" : {
        "@type" : "HierarchyConfig",
        "commissionType" : "HIERARCHY_COMMISSION",
        "subtractLowerLevelCommissionFromBase" : true
      },
      "commissionPercent" : 10,
      "pointsPrecision" : 2
    },
    "level" : 20,
    "beneficiary" : {
      "bPartnerId" : 21
    },
    "facts" : [ {
      "timestamp" : "2019-09-17T11:50:05Z",
      "state" : "FORECASTED",
      "points" : 2
    }, {
      "timestamp" : "2019-09-17T11:50:15Z",
      "state" : "INVOICEABLE",
      "points" : 2.1
    }, {
      "timestamp" : "2019-09-17T11:50:25Z",
      "state" : "INVOICED",
      "points" : 10
    }, {
      "timestamp" : "2019-09-17T11:50:35Z",
      "state" : "INVOICED",
      "points" : -7.8
    } ],
    "forecastedPointsSum" : 2,
    "invoiceablePointsSum" : 2.1,
    "invoicedPointsSum" : 2.2
  } ]
} ]