de.metas.rest_api.bpartner.response.JsonResponseBPartnerUpsertItemTest.serializeTest=[
  {
    "externalId": "12345",
    "metasfreshId": 23
  }
]