de.metas.rest_api.bpartner.request.JsonRequestBPartnerUpsertItemTest.serializeDeserialize=[
  {
    "bpartnerIdentifier": "ext-12345",
    "bpartnerComposite": {
      "bpartner": {
        "code": "code"
      },
      "locations": {
        "requestItems": [ ],
        "syncAdvise": {
          "ifNotExists": "CREATE",
          "ifExists": "UPDATE_MERGE"
        }
      },
      "contacts": {
        "requestItems": [ ],
        "syncAdvise": {
          "ifNotExists": "CREATE",
          "ifExists": "UPDATE_MERGE"
        }
      }
    }
  }
]