de.metas.handlingunits.inventory.InventoryRepositoryTest.save=[
  {
    "id": 100013,
    "docBaseAndSubType": {
      "docBaseType": "MMI",
      "docSubType": "ISH"
    },
    "inventoryType": "PHYSICAL",
    "lines": [
      {
        "id": 100014,
        "orgId": 1,
        "asiId": 100008,
        "productId": 40,
        "storageAttributesKey": "10§&§11§&§12",
        "locatorId": "100002_100003",
        "huAggregationType": "MULTI_HU",
        "inventoryType": "PHYSICAL",
        "inventoryLineHUs": [
          {
            "id": 100015,
            "huId": 100,
            "qtyBook": {
              "qty": 10,
              "sourceQty": 10,
              "infinite": false,
              "zero": false
            },
            "qtyCount": {
              "qty": 1,
              "sourceQty": 1,
              "infinite": false,
              "zero": false
            }
          },
          {
            "id": 100016,
            "huId": 200,
            "qtyBook": {
              "qty": 20,
              "sourceQty": 20,
              "infinite": false,
              "zero": false
            },
            "qtyCount": {
              "qty": 2,
              "sourceQty": 2,
              "infinite": false,
              "zero": false
            }
          }
        ]
      }
    ]
  }
]


de.metas.handlingunits.inventory.InventoryRepositoryTest.saveInventoryLine=[
  {
    "id": 100013,
    "docBaseAndSubType": {
      "docBaseType": "MMI",
      "docSubType": "ISH"
    },
    "inventoryType": "PHYSICAL",
    "lines": [
      {
        "id": 100014,
        "orgId": 1,
        "asiId": 100008,
        "productId": 40,
        "storageAttributesKey": "10§&§11§&§12",
        "locatorId": "100002_100003",
        "huAggregationType": "MULTI_HU",
        "inventoryType": "PHYSICAL",
        "inventoryLineHUs": [
          {
            "id": 100015,
            "huId": 100,
            "qtyBook": {
              "qty": 10,
              "sourceQty": 10,
              "infinite": false,
              "zero": false
            },
            "qtyCount": {
              "qty": 1,
              "sourceQty": 1,
              "infinite": false,
              "zero": false
            }
          },
          {
            "id": 100016,
            "huId": 200,
            "qtyBook": {
              "qty": 20,
              "sourceQty": 20,
              "infinite": false,
              "zero": false
            },
            "qtyCount": {
              "qty": 2,
              "sourceQty": 2,
              "infinite": false,
              "zero": false
            }
          }
        ]
      }
    ]
  }
]